// Jest Snapshot v1, https://goo.gl/fbAQLP

exports[`<Register/> it renders successfully 1`] = `
<Route>
  <Component />
</Route>
`;
